✔ public source and generated branding preserve independent identity (36.757385ms)
✔ production build excludes reference answers and versions all application assets (113.923416ms)
✔ parameter exercise requires motion publications, not unrelated text (2.192302ms)
✔ custom interface exercise counts the requested endpoint only (0.337764ms)
✔ beacon completion requires student scan access as well as physical and image evidence (0.370944ms)
✔ core discovery commands reflect the live graph (3.887389ms)
✔ continuous publisher uses runtime clock and survives multiple terminal observers (4.609407ms)
✔ String topics can be created, observed and removed without moving robot (1.391462ms)
✔ scan is live and topic metrics stop cleanly (1.522915ms)
✔ all course catalogs contain complete translated lessons and reference programs (26.349519ms)
✔ parameter declaration, live updates and validation preserve the graph (2.333346ms)
✔ custom messages enforce their contract and share publication with CLI (1.38137ms)
✔ action feedback follows physical travel, completes, rejects busy and cancels (37.177962ms)
✔ action terminal owns cancellation and cleans up its graph node (3.211451ms)
✔ TF tree composes and inverts sensor and target frames (0.542028ms)
✔ reset service stops an active action without deleting subscriptions (2.168429ms)
✔ execution host loads only the selected adapter, preserves shared runtime and cancels stale loads (2.435058ms)
✔ 120 beam ray casting handles rectangles, boundaries, no returns and rotation (5.739235ms)
✔ collision guard prevents tunnelling through the training block and resets (4.476118ms)
✔ scan stream has deterministic timestamps and geometry at 5 Hz (2.183244ms)
✔ seven-language UI has explicit translations or declared English fallbacks (3.444583ms)
✔ every lesson and catalog has complete seven-language teaching text with shared code (19.319032ms)
✔ camera outputs RGB bytes; pose changes target centroid and scale (22.74478ms)
✔ camera streams at 8 Hz; Python-style existing nodes share the graph (20.696381ms)
✔ services reset pose but preserve Python graph and session progress (1.263025ms)
✔ image echo summarizes bytes and hz measures actual publications (7.843995ms)
✔ detection checks require varied scenes and repeated correct frames (0.433062ms)
✔ all six lesson definitions load with supported checks and editable starters (4.513538ms)
✔ code drafts are independent by exercise and language; unsupported mode retains its draft (2.214407ms)
✔ both execution languages use the same endpoint ownership, publication and checker evidence (25.559315ms)
✔ public tested variants and developer-gated variants are distinct (0.187903ms)
✔ lesson loading and validation (1.409058ms)
✔ graph and introspection (1.728234ms)
✔ JSON and ROS flow mappings; no code evaluation (1.030434ms)
✔ publication moves robot; checks require actual travel (1.345218ms)
✔ rotation cannot pass; arcs are timestep independent (1.904201ms)
✔ invalid input never changes runtime (0.710778ms)
✔ reset restores all state; second run succeeds (0.50257ms)
✔ sensor origins are distinct and match TF after translation and rotation (9.034819ms)
✔ camera and scan stamps match capture pose and a same-stamp TF sample (16.497377ms)
✔ slow callbacks keep only the newest waiting sample and Reset discards it (0.252825ms)
✔ Python transport sends the latest captured scan after acknowledgement and cleans up (6.310247ms)
✔ two echo subscribers receive new Twist only, with separate histories (5.217944ms)
✔ odometry streams at 5 Hz with pose, timestamp, quaternion and velocity (2.888143ms)
✔ echo once cleans up; invalid topic/field/flags never create subscriptions (0.586161ms)
✔ reset and close remove subscriptions; stale cleanup cannot remove new nodes (0.392756ms)
✔ spatial frames follow published transforms, including child rotation and fixed target (4.268029ms)
✔ TF hierarchy and lesson defaults reflect actual runtime edges (2.135751ms)
✔ transition choice is deterministic when injected and never repeats (0.87395ms)
ℹ tests 49
ℹ suites 0
ℹ pass 49
ℹ fail 0
ℹ cancelled 0
ℹ skipped 0
ℹ todo 0
ℹ duration_ms 200.889425
